
> app@0.1.0 build
> next build

   Γû▓ Next.js 15.3.6
   - Environments: .env

   Creating an optimized production build ...
 Γ£ô Compiled successfully in 88s
   Skipping linting
   Checking validity of types ...
npm : Failed to compile.
At line:1 char:269
+ ... urse -Force -ErrorAction SilentlyContinue; npm run build 
2>&1 | Tee-O ...
+                                                
~~~~~~~~~~~~~~~~~~
    + CategoryInfo          : NotSpecified: (Failed to compile 
   .:String) [], RemoteException
    + FullyQualifiedErrorId : NativeCommandError
 

./src/app/api/orchards/availability/route.ts:63:30
Type error: Property 'error' does not exist on type '{ 
success: true; tier: "premium" | "public" | "authenticated"; 
name?: string; } | { success: false; error: 
NextResponse<unknown>; }'.
  Property 'error' does not exist on type '{ success: true; 
tier: "premium" | "public" | "authenticated"; name?: string; 
}'.

[0m [90m 61 |[39m     [36mconst[39m rateLimitResult 
[33m=[39m rateLimit(request)[33m;[39m[0m
[0m [90m 62 |[39m     [36mif[39m 
([33m![39mrateLimitResult[33m.[39msuccess) {[0m
[0m[31m[1m>[22m[39m[90m 63 |[39m       [36mreturn[39m 
rateLimitResult[33m.[39merror[33m;[39m[0m
[0m [90m    |[39m                              
[31m[1m^[22m[39m[0m
[0m [90m 64 |[39m     }[0m
[0m [90m 65 |[39m[0m
[0m [90m 66 |[39m     [36mconst[39m body [33m=[39m 
[36mawait[39m request[33m.[39mjson()[33m;[39m[0m
Next.js build worker exited with code: 1 and signal: null
